// Jest Snapshot v1, https://goo.gl/fbAQLP

exports[`RadioGroup renders without throwing 1`] = `
<DocumentFragment>
  <div
    class="css-1qol7jq"
  >
    <div
      class="css-80zs6q"
    >
      Text
    </div>
  </div>
</DocumentFragment>
`;
